   1              	 .syntax unified
   2              	 .cpu cortex-m4
   3              	 .eabi_attribute 27,3
   4              	 .fpu fpv4-sp-d16
   5              	 .eabi_attribute 20,1
   6              	 .eabi_attribute 21,1
   7              	 .eabi_attribute 23,3
   8              	 .eabi_attribute 24,1
   9              	 .eabi_attribute 25,1
  10              	 .eabi_attribute 26,1
  11              	 .eabi_attribute 30,2
  12              	 .eabi_attribute 34,1
  13              	 .eabi_attribute 18,4
  14              	 .thumb
  15              	 .file "SharedData.c"
  16              	 .text
  17              	.Ltext0:
  18              	 .cfi_sections .debug_frame
  19              	 .section .text.setMotorData,"ax",%progbits
  20              	 .align 2
  21              	 .global setMotorData
  22              	 .thumb
  23              	 .thumb_func
  25              	setMotorData:
  26              	.LFB128:
  27              	 .file 1 "../SharedData.c"
   1:../SharedData.c **** #include "SharedData.h"
   2:../SharedData.c **** 
   3:../SharedData.c **** #include "FREERTOS/FreeRTOS.h"
   4:../SharedData.c **** #include "FREERTOS/task.h"
   5:../SharedData.c **** 
   6:../SharedData.c **** 
   7:../SharedData.c **** // A file-scope variable for sharing motor data between tasks
   8:../SharedData.c **** struct motor_data_struct shared_motor_data = {0,0,50};
   9:../SharedData.c **** 
  10:../SharedData.c **** struct control_params_struct shared_control_params = {true, 0, 0};
  11:../SharedData.c **** 
  12:../SharedData.c **** void setMotorData(struct motor_data_struct new_motor_data){
  28              	 .loc 1 12 0
  29              	 .cfi_startproc
  30              	 
  31              	 
  32 0000 10B5     	 push {r4,lr}
  33              	.LCFI0:
  34              	 .cfi_def_cfa_offset 8
  35              	 .cfi_offset 4,-8
  36              	 .cfi_offset 14,-4
  37 0002 84B0     	 sub sp,sp,#16
  38              	.LCFI1:
  39              	 .cfi_def_cfa_offset 24
  40              	 .loc 1 12 0
  41 0004 01AC     	 add r4,sp,#4
  42 0006 84E80700 	 stmia r4,{r0,r1,r2}
  13:../SharedData.c **** 	taskENTER_CRITICAL();
  43              	 .loc 1 13 0
  44 000a FFF7FEFF 	 bl vPortEnterCritical
  45              	.LVL0:
  14:../SharedData.c **** 	shared_motor_data = new_motor_data;
  46              	 .loc 1 14 0
  47 000e 94E80700 	 ldmia r4,{r0,r1,r2}
  48 0012 044B     	 ldr r3,.L3
  49 0014 83E80700 	 stmia r3,{r0,r1,r2}
  15:../SharedData.c **** 	taskEXIT_CRITICAL();
  16:../SharedData.c **** }
  50              	 .loc 1 16 0
  51 0018 04B0     	 add sp,sp,#16
  52              	.LCFI2:
  53              	 .cfi_def_cfa_offset 8
  54              	 
  55 001a BDE81040 	 pop {r4,lr}
  56              	.LCFI3:
  57              	 .cfi_restore 14
  58              	 .cfi_restore 4
  59              	 .cfi_def_cfa_offset 0
  15:../SharedData.c **** 	taskEXIT_CRITICAL();
  60              	 .loc 1 15 0
  61 001e FFF7FEBF 	 b vPortExitCritical
  62              	.LVL1:
  63              	.L4:
  64 0022 00BF     	 .align 2
  65              	.L3:
  66 0024 00000000 	 .word .LANCHOR0
  67              	 .cfi_endproc
  68              	.LFE128:
  70              	 .section .text.getMotorData,"ax",%progbits
  71              	 .align 2
  72              	 .global getMotorData
  73              	 .thumb
  74              	 .thumb_func
  76              	getMotorData:
  77              	.LFB129:
  17:../SharedData.c **** 
  18:../SharedData.c **** 
  19:../SharedData.c **** struct motor_data_struct getMotorData(void){
  78              	 .loc 1 19 0
  79              	 .cfi_startproc
  80              	 
  81              	 
  82              	.LVL2:
  83 0000 10B5     	 push {r4,lr}
  84              	.LCFI4:
  85              	 .cfi_def_cfa_offset 8
  86              	 .cfi_offset 4,-8
  87              	 .cfi_offset 14,-4
  88              	 .loc 1 19 0
  89 0002 0446     	 mov r4,r0
  20:../SharedData.c **** 	struct motor_data_struct result;
  21:../SharedData.c **** 	taskENTER_CRITICAL();
  90              	 .loc 1 21 0
  91 0004 FFF7FEFF 	 bl vPortEnterCritical
  92              	.LVL3:
  22:../SharedData.c **** 	result = shared_motor_data;
  93              	 .loc 1 22 0
  94 0008 044B     	 ldr r3,.L7
  95 000a 93E80700 	 ldmia r3,{r0,r1,r2}
  96 000e 84E80700 	 stmia r4,{r0,r1,r2}
  23:../SharedData.c **** 	taskEXIT_CRITICAL();
  97              	 .loc 1 23 0
  98 0012 FFF7FEFF 	 bl vPortExitCritical
  99              	.LVL4:
  24:../SharedData.c **** 	return result;
  25:../SharedData.c **** }
 100              	 .loc 1 25 0
 101 0016 2046     	 mov r0,r4
 102 0018 10BD     	 pop {r4,pc}
 103              	.LVL5:
 104              	.L8:
 105 001a 00BF     	 .align 2
 106              	.L7:
 107 001c 00000000 	 .word .LANCHOR0
 108              	 .cfi_endproc
 109              	.LFE129:
 111              	 .section .text.setControlParams,"ax",%progbits
 112              	 .align 2
 113              	 .global setControlParams
 114              	 .thumb
 115              	 .thumb_func
 117              	setControlParams:
 118              	.LFB130:
  26:../SharedData.c **** 
  27:../SharedData.c **** void setControlParams(struct control_params_struct new_control_params){
 119              	 .loc 1 27 0
 120              	 .cfi_startproc
 121              	 
 122              	 
 123 0000 10B5     	 push {r4,lr}
 124              	.LCFI5:
 125              	 .cfi_def_cfa_offset 8
 126              	 .cfi_offset 4,-8
 127              	 .cfi_offset 14,-4
 128 0002 84B0     	 sub sp,sp,#16
 129              	.LCFI6:
 130              	 .cfi_def_cfa_offset 24
 131              	 .loc 1 27 0
 132 0004 01AC     	 add r4,sp,#4
 133 0006 84E80700 	 stmia r4,{r0,r1,r2}
  28:../SharedData.c **** 	taskENTER_CRITICAL();
 134              	 .loc 1 28 0
 135 000a FFF7FEFF 	 bl vPortEnterCritical
 136              	.LVL6:
  29:../SharedData.c **** 	shared_control_params = new_control_params;
 137              	 .loc 1 29 0
 138 000e 94E80700 	 ldmia r4,{r0,r1,r2}
 139 0012 044B     	 ldr r3,.L11
 140 0014 83E80700 	 stmia r3,{r0,r1,r2}
  30:../SharedData.c **** 	taskEXIT_CRITICAL();
  31:../SharedData.c **** }
 141              	 .loc 1 31 0
 142 0018 04B0     	 add sp,sp,#16
 143              	.LCFI7:
 144              	 .cfi_def_cfa_offset 8
 145              	 
 146 001a BDE81040 	 pop {r4,lr}
 147              	.LCFI8:
 148              	 .cfi_restore 14
 149              	 .cfi_restore 4
 150              	 .cfi_def_cfa_offset 0
  30:../SharedData.c **** 	taskEXIT_CRITICAL();
 151              	 .loc 1 30 0
 152 001e FFF7FEBF 	 b vPortExitCritical
 153              	.LVL7:
 154              	.L12:
 155 0022 00BF     	 .align 2
 156              	.L11:
 157 0024 00000000 	 .word .LANCHOR1
 158              	 .cfi_endproc
 159              	.LFE130:
 161              	 .section .text.getControlParams,"ax",%progbits
 162              	 .align 2
 163              	 .global getControlParams
 164              	 .thumb
 165              	 .thumb_func
 167              	getControlParams:
 168              	.LFB131:
  32:../SharedData.c **** 
  33:../SharedData.c **** struct control_params_struct getControlParams(void){
 169              	 .loc 1 33 0
 170              	 .cfi_startproc
 171              	 
 172              	 
 173              	.LVL8:
 174 0000 10B5     	 push {r4,lr}
 175              	.LCFI9:
 176              	 .cfi_def_cfa_offset 8
 177              	 .cfi_offset 4,-8
 178              	 .cfi_offset 14,-4
 179              	 .loc 1 33 0
 180 0002 0446     	 mov r4,r0
  34:../SharedData.c **** 	struct control_params_struct result;
  35:../SharedData.c **** 	taskENTER_CRITICAL();
 181              	 .loc 1 35 0
 182 0004 FFF7FEFF 	 bl vPortEnterCritical
 183              	.LVL9:
  36:../SharedData.c **** 	result = shared_control_params;
 184              	 .loc 1 36 0
 185 0008 044B     	 ldr r3,.L15
 186 000a 93E80700 	 ldmia r3,{r0,r1,r2}
 187 000e 84E80700 	 stmia r4,{r0,r1,r2}
  37:../SharedData.c **** 	taskEXIT_CRITICAL();
 188              	 .loc 1 37 0
 189 0012 FFF7FEFF 	 bl vPortExitCritical
 190              	.LVL10:
  38:../SharedData.c **** 	return result;
  39:../SharedData.c **** }
 191              	 .loc 1 39 0
 192 0016 2046     	 mov r0,r4
 193 0018 10BD     	 pop {r4,pc}
 194              	.LVL11:
 195              	.L16:
 196 001a 00BF     	 .align 2
 197              	.L15:
 198 001c 00000000 	 .word .LANCHOR1
 199              	 .cfi_endproc
 200              	.LFE131:
 202              	 .global shared_control_params
 203              	 .global shared_motor_data
 204              	 .section .data.shared_control_params,"aw",%progbits
 205              	 .align 2
 206              	 .set .LANCHOR1,.+0
 209              	shared_control_params:
 210 0000 01       	 .byte 1
 211 0001 000000   	 .space 3
 212 0004 00000000 	 .word 0
 213 0008 00000000 	 .word 0
 214              	 .section .data.shared_motor_data,"aw",%progbits
 215              	 .align 2
 216              	 .set .LANCHOR0,.+0
 219              	shared_motor_data:
 220 0000 00000000 	 .word 0
 221 0004 00000000 	 .word 0
 222 0008 00004842 	 .word 1112014848
 223              	 .text
 224              	.Letext0:
 225              	 .file 2 "../SharedData.h"
 226              	 .file 3 "c:\\dave 4\\eclipse\\arm-gcc-49\\arm-none-eabi\\include\\machine\\_default_types.h"
 227              	 .file 4 "c:\\dave 4\\eclipse\\arm-gcc-49\\arm-none-eabi\\include\\stdint.h"
 228              	 .file 5 "C:/Workspaces/Dave 4/CTPOT_test1/Libraries/CMSIS/Include/core_cm4.h"
 229              	 .file 6 "C:/Workspaces/Dave 4/CTPOT_test1/Dave/Generated/FREERTOS/portmacro.h"
DEFINED SYMBOLS
                            *ABS*:00000000 SharedData.c
    {standard input}:20     .text.setMotorData:00000000 $t
    {standard input}:25     .text.setMotorData:00000000 setMotorData
    {standard input}:66     .text.setMotorData:00000024 $d
    {standard input}:71     .text.getMotorData:00000000 $t
    {standard input}:76     .text.getMotorData:00000000 getMotorData
    {standard input}:107    .text.getMotorData:0000001c $d
    {standard input}:112    .text.setControlParams:00000000 $t
    {standard input}:117    .text.setControlParams:00000000 setControlParams
    {standard input}:157    .text.setControlParams:00000024 $d
    {standard input}:162    .text.getControlParams:00000000 $t
    {standard input}:167    .text.getControlParams:00000000 getControlParams
    {standard input}:198    .text.getControlParams:0000001c $d
    {standard input}:209    .data.shared_control_params:00000000 shared_control_params
    {standard input}:219    .data.shared_motor_data:00000000 shared_motor_data
    {standard input}:205    .data.shared_control_params:00000000 $d
    {standard input}:215    .data.shared_motor_data:00000000 $d
                     .debug_frame:00000010 $d

UNDEFINED SYMBOLS
vPortEnterCritical
vPortExitCritical
